B,C,F,S
b,c,d
S
B->Cd
B->bF
C->c
C->cC
F->BC
S->B
