B,C,D,F,G,S
a,b,c,d,e,f,g
S
B->Cd
B->bF
C->c
C->cC
D->dCd
F->BC
G->g
G->gG
S->B
