A,B,C,S
a,b
S
A->a
B->AB
B->BC
C->AB
C->b
S->AB
S->CA
